// Jest Snapshot v1, https://goo.gl/fbAQLP

exports[`should test Dashboard component snapshot 1`] = `
<Fragment>
  <div
    className="dashboard-view"
  >
    <Navbar
      color="light"
      expand="lg"
      light={true}
      tag="nav"
    >
      <div
        className="logo"
      >
        <a
          href="/app"
        >
          <img
            alt="Animal Page"
            src="/images/logo_1.png"
          />
        </a>
      </div>
      <NavbarToggler
        tag="button"
        type="button"
      />
      <Collapse
        appear={false}
        enter={true}
        exit={true}
        in={false}
        isOpen={false}
        mountOnEnter={false}
        navbar={true}
        onEnter={[Function]}
        onEntered={[Function]}
        onEntering={[Function]}
        onExit={[Function]}
        onExited={[Function]}
        onExiting={[Function]}
        tag="div"
        timeout={350}
        unmountOnExit={false}
      >
        <Nav
          className="mr-auto"
          navbar={true}
          tag="ul"
          vertical={false}
        >
          <NavItem
            tag="li"
          >
            <NavLink
              href="/app"
              tag="a"
            >
              Home
            </NavLink>
          </NavItem>
          <NavItem
            tag="li"
          >
            <NavLink
              href="/app"
              tag="a"
            >
              My Farm
            </NavLink>
          </NavItem>
          <NavItem
            tag="li"
          >
            <NavLink
              href="/app"
              tag="a"
            >
              Dairy Central
            </NavLink>
          </NavItem>
          <NavItem
            tag="li"
          >
            <NavLink
              href="/app"
              tag="a"
            >
              Search
            </NavLink>
          </NavItem>
        </Nav>
        <div
          className="account-link"
        >
          <UncontrolledDropdown>
            <DropdownToggle
              aria-haspopup={true}
              caret={true}
              color="default"
              data-toggle="dropdown"
            >
              <div
                className="user-photo"
              >
                <img
                  alt="User"
                  src="/images/user-icon.png"
                />
              </div>
              <p
                className="d-lg-none"
              >
                Log out
              </p>
            </DropdownToggle>
            <DropdownMenu
              className="dropdown-navbar"
              flip={true}
              right={true}
              tag="ul"
            >
              <DropdownItem
                header={true}
                tag="button"
                toggle={true}
              >
                John Doe
              </DropdownItem>
              <DropdownItem
                divider={true}
                tag="li"
                toggle={true}
              />
              <NavLink
                tag="li"
              >
                <DropdownItem
                  className="nav-item"
                  href="/app"
                  tag="button"
                  toggle={true}
                >
                  Log out
                </DropdownItem>
              </NavLink>
            </DropdownMenu>
          </UncontrolledDropdown>
        </div>
      </Collapse>
    </Navbar>
    <Modal
      autoFocus={true}
      backdrop={true}
      backdropTransition={
        Object {
          "mountOnEnter": true,
          "timeout": 150,
        }
      }
      centered={false}
      container="body"
      fade={true}
      isOpen={false}
      keyboard={true}
      modalTransition={
        Object {
          "timeout": 300,
        }
      }
      onClosed={[Function]}
      onOpened={[Function]}
      returnFocusAfterClose={true}
      role="dialog"
      scrollable={false}
      toggle={[Function]}
      unmountOnClose={true}
      zIndex={1050}
    >
      <ModalHeader
        charCode={215}
        closeAriaLabel="Close"
        tag="h5"
        toggle={[Function]}
        wrapTag="div"
      >
        Notice
      </ModalHeader>
      <ModalBody
        tag="div"
      />
      <ModalFooter
        tag="div"
      >
        <Button
          color="primary"
          onClick={[Function]}
          tag="button"
        >
          Ok
        </Button>
         
      </ModalFooter>
    </Modal>
    <div
      className="preferences"
    >
      <Card
        tag="div"
      >
        <CardHeader
          tag="div"
        >
          <b>
            Preferences
          </b>
        </CardHeader>
        <CardBody
          tag="div"
        >
          <p>
            Welcome! Please specify your preferences below
          </p>
          <p>
            Hover over any table header to view the data item name. Hover over any table data item to view its description.
          </p>
          <Row
            tag="div"
            widths={
              Array [
                "xs",
                "sm",
                "md",
                "lg",
                "xl",
              ]
            }
          >
            <Col
              md="2"
              tag="div"
              widths={
                Array [
                  "xs",
                  "sm",
                  "md",
                  "lg",
                  "xl",
                ]
              }
            >
              <Label
                tag="label"
                widths={
                  Array [
                    "xs",
                    "sm",
                    "md",
                    "lg",
                    "xl",
                  ]
                }
              >
                Decimal Places
              </Label>
              <Input
                id="decimals"
                max="10"
                min="0"
                onChange={[Function]}
                type="number"
                value=""
              />
            </Col>
            <Col
              md="2"
              tag="div"
              widths={
                Array [
                  "xs",
                  "sm",
                  "md",
                  "lg",
                  "xl",
                ]
              }
            >
              <Label
                tag="label"
                widths={
                  Array [
                    "xs",
                    "sm",
                    "md",
                    "lg",
                    "xl",
                  ]
                }
              >
                Mark values over
              </Label>
              <Input
                id="thresholdHigh"
                onBlur={[Function]}
                onChange={[Function]}
                type="number"
                value=""
              />
            </Col>
            <Col
              md="2"
              tag="div"
              widths={
                Array [
                  "xs",
                  "sm",
                  "md",
                  "lg",
                  "xl",
                ]
              }
            >
              <Label
                tag="label"
                widths={
                  Array [
                    "xs",
                    "sm",
                    "md",
                    "lg",
                    "xl",
                  ]
                }
              >
                With Color
              </Label>
              <Input
                id="colorHigh"
                onChange={[Function]}
                type="select"
                value=""
              >
                <option />
                <option>
                  Green
                </option>
                <option>
                  Red
                </option>
                <option>
                  Blue
                </option>
              </Input>
            </Col>
            <Col
              md="2"
              tag="div"
              widths={
                Array [
                  "xs",
                  "sm",
                  "md",
                  "lg",
                  "xl",
                ]
              }
            >
              <Label
                tag="label"
                widths={
                  Array [
                    "xs",
                    "sm",
                    "md",
                    "lg",
                    "xl",
                  ]
                }
              >
                Mark values under
              </Label>
              <Input
                id="thresholdLow"
                onBlur={[Function]}
                onChange={[Function]}
                type="number"
                value=""
              />
            </Col>
            <Col
              md="2"
              tag="div"
              widths={
                Array [
                  "xs",
                  "sm",
                  "md",
                  "lg",
                  "xl",
                ]
              }
            >
              <Label
                tag="label"
                widths={
                  Array [
                    "xs",
                    "sm",
                    "md",
                    "lg",
                    "xl",
                  ]
                }
              >
                With Color
              </Label>
              <Input
                id="colorLow"
                onBlur={[Function]}
                onChange={[Function]}
                type="select"
                value=""
              >
                <option />
                <option>
                  Green
                </option>
                <option>
                  Red
                </option>
                <option>
                  Blue
                </option>
              </Input>
            </Col>
            <Col
              md="2"
              tag="div"
              widths={
                Array [
                  "xs",
                  "sm",
                  "md",
                  "lg",
                  "xl",
                ]
              }
            >
              <Label
                tag="label"
                widths={
                  Array [
                    "xs",
                    "sm",
                    "md",
                    "lg",
                    "xl",
                  ]
                }
              >
                Specify Unknown Values As
              </Label>
              <Input
                id="dataUnknown"
                onChange={[Function]}
                type="text"
                value="Data Unknown"
              />
            </Col>
          </Row>
        </CardBody>
      </Card>
    </div>
    <h1
      className="text-muted no-data"
    />
  </div>
</Fragment>
`;
